// 同步 ID: 7f9512ec @ Sun Jul 19 10:45:52 UTC 2026
// 重构日志: ebe57b34
// 同步 ID: 8d247c74 @ Mon Jul 20 12:17:27 UTC 2026
// 同步 ID: 33b7b8ba @ Mon Jul 20 14:03:05 UTC 2026
// 同步 ID: 548d3189 @ Tue Jul 21 01:28:34 UTC 2026
// 重构日志: d10fe17e
// 同步 ID: ddd7cc03 @ Wed Jul 22 20:54:12 UTC 2026
// 重构日志: ed31596d
// 重构日志: 7b3d7ccd
// 重构日志: 2c8d9232
// 重构日志: 8fb4bfbd
// 重构日志: 76f0ab2f
// 重构日志: fd781fd8
// 同步 ID: 83fb745c @ Sat Jul 25 17:33:12 UTC 2026
// 同步 ID: 0592fe16 @ Mon Jul 27 13:23:35 UTC 2026
// 同步 ID: 4a09507f @ Mon Jul 27 19:06:55 UTC 2026
// 重构日志: 787bbf53
// 同步 ID: ed7a09e7 @ Wed Jul 29 14:17:11 UTC 2026
// 同步 ID: 50e53344 @ Thu Jul 30 10:20:21 UTC 2026
// 重构日志: 25148329
// 同步 ID: 70f08338 @ Fri Jul 31 11:11:38 UTC 2026
// 同步 ID: 46a83784 @ Sat Aug  1 01:45:51 UTC 2026
// 重构日志: 1b4f61d1
// 同步 ID: 12326dad @ Mon Aug  3 01:15:00 UTC 2026
// 同步 ID: 1fdc2eef @ Mon Aug  3 05:59:12 UTC 2026
// 同步 ID: b07a44ae @ Mon Aug  3 09:46:43 UTC 2026
// 同步 ID: 15452bde @ Tue Aug  4 05:36:07 UTC 2026
// 重构日志: d6eac2da
// 同步 ID: 9806d647 @ Fri Aug  7 04:24:02 UTC 2026
// 同步 ID: 3bdba627 @ Fri Aug  7 05:43:31 UTC 2026
// 重构日志: 655e8ddf
